Время синтаксического анализа и компиляции SQL Server: 
 время ЦП = 0 мс, истекшее время = 0 мс.
 Время работы SQL Server:
   Время ЦП = 0 мс, затраченное время = 0 мс.

 Время работы SQL Server:
   Время ЦП = 0 мс, затраченное время = 0 мс.

 Время работы SQL Server:
   Время ЦП = 0 мс, затраченное время = 0 мс.
1

 Время работы SQL Server:
   Время ЦП = 0 мс, затраченное время = 0 мс.
Время синтаксического анализа и компиляции SQL Server: 
 время ЦП = 0 мс, истекшее время = 0 мс.
IDMaterialOrder
---------------
1
2
3

(3 rows affected)

Таблица "MaterialOrder". Число просмотров 1, логических чтений 2, физических чтений 0, упреждающих чтений 0, lob логических чтений 0, lob физических чтений 0, lob упреждающих чтений 0.

 Время работы SQL Server:
   Время ЦП = 0 мс, затраченное время = 0 мс.
Время синтаксического анализа и компиляции SQL Server: 
 время ЦП = 0 мс, истекшее время = 0 мс.
2

 Время работы SQL Server:
   Время ЦП = 0 мс, затраченное время = 0 мс.
Время синтаксического анализа и компиляции SQL Server: 
 время ЦП = 0 мс, истекшее время = 1 мс.
IDMaterialOrder IDModel_Material_Quantity IDMaterial_Provider StartDate  EndDate    IDModel_Material_Quantity IDMaterial  IDModel     Quantity
--------------- ------------------------- ------------------- ---------- ---------- ------------------------- ----------- ----------- -----------
1               1                         1                   2018-03-03 2018-08-03 1                         1           1           3
3               3                         3                   2018-05-03 2018-08-03 3                         3           1           2

(2 rows affected)

Таблица "Model_Material_Quantity". Число просмотров 0, логических чтений 6, физических чтений 0, упреждающих чтений 0, lob логических чтений 0, lob физических чтений 0, lob упреждающих чтений 0.
Таблица "MaterialOrder". Число просмотров 1, логических чтений 1, физических чтений 0, упреждающих чтений 0, lob логических чтений 0, lob физических чтений 0, lob упреждающих чтений 0.

 Время работы SQL Server:
   Время ЦП = 0 мс, затраченное время = 0 мс.
Время синтаксического анализа и компиляции SQL Server: 
 время ЦП = 0 мс, истекшее время = 0 мс.
3

 Время работы SQL Server:
   Время ЦП = 0 мс, затраченное время = 0 мс.
Время синтаксического анализа и компиляции SQL Server: 
 время ЦП = 0 мс, истекшее время = 1 мс.
IDMaterialOrder StartDate
--------------- ----------

(0 rows affected)

Таблица "Worktable". Число просмотров 0, логических чтений 0, физических чтений 0, упреждающих чтений 0, lob логических чтений 0, lob физических чтений 0, lob упреждающих чтений 0.
Таблица "MaterialOrder". Число просмотров 1, логических чтений 2, физических чтений 0, упреждающих чтений 0, lob логических чтений 0, lob физических чтений 0, lob упреждающих чтений 0.

 Время работы SQL Server:
   Время ЦП = 0 мс, затраченное время = 0 мс.
