Время синтаксического анализа и компиляции SQL Server: 
 время ЦП = 0 мс, истекшее время = 0 мс.
Name                                               Surname                                            Salary
-------------------------------------------------- -------------------------------------------------- ---------------------
Алексей                                            Архазов                                            17000.00
Алексей                                            Архазов                                            17000.00
Алексей                                            Смирнов                                            17000.00
Алексей                                            Смирнов                                            17000.00
Алексей                                            Смирнов                                            17400.00
Иван                                               Иванов                                             15000.00
Иван                                               Иванов                                             15010.00
Иван                                               Петров                                             15000.00
Иван                                               Топов                                              15001.00
Иван                                               Топов                                              15050.00
Илья                                               Архазов                                            18000.00
Илья                                               Подгоров                                           16000.00
Илья                                               Подгоров                                           18000.00
Илья                                               Топов                                              18040.00
Илья                                               Чередников                                         15000.00
Илья                                               Чередников                                         18050.00
Семён                                              Новогоднев                                         19000.00

(17 rows affected)

Таблица "Worker". Число просмотров 1, логических чтений 1, физических чтений 0, упреждающих чтений 0, lob логических чтений 0, lob физических чтений 0, lob упреждающих чтений 0.

 Время работы SQL Server:
   Время ЦП = 0 мс, затраченное время = 0 мс.

 Время работы SQL Server:
   Время ЦП = 0 мс, затраченное время = 0 мс.
