Поиск по цене с индексом

 Время работы SQL Server:
   Время ЦП = 0 мс, затраченное время = 0 мс.
Время синтаксического анализа и компиляции SQL Server: 
 время ЦП = 0 мс, истекшее время = 0 мс.
IDOrder     IDClient    ID_Size_Boots ID_Size_Clothes IDWork      Cost                  StartDate  EndDate
----------- ----------- ------------- --------------- ----------- --------------------- ---------- ----------
3           3           2             2               2           1210.00               2017-10-05 2018-01-27
6           6           2             2               2           1210.00               2017-10-05 2018-01-27
9           9           2             2               2           1210.00               2017-10-05 2018-01-27
2           1           1             1               2           1250.00               2017-11-22 2018-02-01
5           5           1             1               2           1250.00               2017-11-22 2018-02-01
8           8           1             1               2           1250.00               2017-11-22 2018-02-01
1           1           1             1               1           12000.00              2019-04-10 2020-03-09
4           4           1             1               1           12000.00              2019-04-10 2020-03-09
7           7           1             1               1           12000.00              2019-04-10 2020-03-09

(9 rows affected)

Таблица "Order". Число просмотров 1, логических чтений 2, физических чтений 0, упреждающих чтений 0, lob логических чтений 0, lob физических чтений 0, lob упреждающих чтений 0.

 Время работы SQL Server:
   Время ЦП = 0 мс, затраченное время = 0 мс.
Поиск по фамилии работника с индексом

 Время работы SQL Server:
   Время ЦП = 0 мс, затраченное время = 0 мс.
IDOrder     IDClient    ID_Size_Boots ID_Size_Clothes IDWork      Cost                  StartDate  EndDate    Name                                               Surname                                            IDWork      Salary
----------- ----------- ------------- --------------- ----------- --------------------- ---------- ---------- -------------------------------------------------- -------------------------------------------------- ----------- ---------------------

(0 rows affected)

Таблица "Workfile". Число просмотров 0, логических чтений 0, физических чтений 0, упреждающих чтений 0, lob логических чтений 0, lob физических чтений 0, lob упреждающих чтений 0.
Таблица "Worktable". Число просмотров 0, логических чтений 0, физических чтений 0, упреждающих чтений 0, lob логических чтений 0, lob физических чтений 0, lob упреждающих чтений 0.
Таблица "Worktable". Число просмотров 0, логических чтений 0, физических чтений 0, упреждающих чтений 0, lob логических чтений 0, lob физических чтений 0, lob упреждающих чтений 0.
Таблица "Worker". Число просмотров 0, логических чтений 6, физических чтений 0, упреждающих чтений 0, lob логических чтений 0, lob физических чтений 0, lob упреждающих чтений 0.
Таблица "Work". Число просмотров 1, логических чтений 2, физических чтений 0, упреждающих чтений 0, lob логических чтений 0, lob физических чтений 0, lob упреждающих чтений 0.

 Время работы SQL Server:
   Время ЦП = 0 мс, затраченное время = 32 мс.
Поиск по зарплате с индексом

 Время работы SQL Server:
   Время ЦП = 0 мс, затраченное время = 0 мс.
Время синтаксического анализа и компиляции SQL Server: 
 время ЦП = 0 мс, истекшее время = 0 мс.
IDWorker    Salary                Name                                               Surname                                            Patronic                                           Phone           License INN
----------- --------------------- -------------------------------------------------- -------------------------------------------------- -------------------------------------------------- --------------- ------- ------------
15          17000.00              Алексей                                            Архазов                                            Степанович                                         89264586547     1       222222222222
26          17000.00              Алексей                                            Архазов                                            Степанович                                         89264586547     1       222222222222
21          17000.00              Алексей                                            Смирнов                                            Степанович                                         89264586547     1       222222222222
31          17000.00              Алексей                                            Смирнов                                            Степанович                                         89264586547     1       222222222222
3           17400.00              Алексей                                            Смирнов                                            Степанович                                         89264586547     1       222222222222
1           15000.00              Иван                                               Иванов                                             Иванович                                           89472226655     1       159753684265
7           15010.00              Иван                                               Иванов                                             Иванович                                           89472226655     1       159753684265
29          15000.00              Иван                                               Петров                                             Иванович                                           89472226655     1       159753684265
24          15001.00              Иван                                               Топов                                              Иванович                                           89472226655     1       159753684265
19          15050.00              Иван                                               Топов                                              Иванович                                           89472226655     1       159753684265
23          18000.00              Илья                                               Архазов                                            Эдуардович                                         89602545566     1       562148932545
5           16000.00              Илья                                               Подгоров                                           Эдуардович                                         89602545566     1       562148932545
33          18000.00              Илья                                               Подгоров                                           Эдуардович                                         89602545566     1       562148932545
28          15000.00              Илья                                               Чередников                                         Эдуардович                                         89602545566     1       562148932545
18          11000.00              Павел                                              Андреев                                            Артёмович                                          87855556985     1       453215896541
34          14000.00              Павел                                              Андреев                                            Артёмович                                          87855556985     1       453215896541
35          14000.00              Павел                                              Андреев                                            Артёмович                                          87855556985     1       453215896541
36          14000.00              Павел                                              Топов                                              Артёмович                                          87855556985     1       453215896541
27          12000.00              Семён                                              Новогоднев                                         Андреевич                                          89175455644     1       465231987454
22          13000.00              Семён                                              Петров                                             Андреевич                                          89175455644     1       465231987454
4           12000.00              Семён                                              Серов                                              Пуренович                                          89175455644     1       465231987454

(21 rows affected)

Таблица "Worker". Число просмотров 1, логических чтений 2, физических чтений 0, упреждающих чтений 0, lob логических чтений 0, lob физических чтений 0, lob упреждающих чтений 0.

 Время работы SQL Server:
   Время ЦП = 0 мс, затраченное время = 0 мс.
Сложный запрос

 Время работы SQL Server:
   Время ЦП = 0 мс, затраченное время = 0 мс.
Name                                               Salary                Surname                                            IDWorker
-------------------------------------------------- --------------------- -------------------------------------------------- -----------
Павел                                              210000.00             Андреев                                            12
Алексей                                            170050.00             Смирнов                                            9
Иван                                               150342.00             Иванов                                             13
Павел                                              142200.00             Андреев                                            6
Семён                                              29000.00              Новогоднев                                         16
Пётр                                               20212.00              Петров                                             14
Пётр                                               20100.00              Сиерог                                             20
Пётр                                               20100.00              Петров                                             25
Пётр                                               20044.00              Петров                                             2
Пётр                                               20010.00              Петров                                             8
Пётр                                               20000.00              Топов                                              30
Семён                                              19020.00              Новогоднев                                         10
Семён                                              19000.00              Новогоднев                                         32
Илья                                               18050.00              Чередников                                         11
Илья                                               18040.00              Топов                                              17
Илья                                               18000.00              Архазов                                            23
Илья                                               18000.00              Подгоров                                           33
Алексей                                            17400.00              Смирнов                                            3
Алексей                                            17000.00              Архазов                                            15
Алексей                                            17000.00              Смирнов                                            21
Алексей                                            17000.00              Смирнов                                            31
Алексей                                            17000.00              Архазов                                            26
Илья                                               16000.00              Подгоров                                           5
Иван                                               15050.00              Топов                                              19
Иван                                               15010.00              Иванов                                             7
Иван                                               15001.00              Топов                                              24

(26 rows affected)

Таблица "Worker". Число просмотров 1, логических чтений 2, физических чтений 0, упреждающих чтений 0, lob логических чтений 0, lob физических чтений 0, lob упреждающих чтений 0.

 Время работы SQL Server:
   Время ЦП = 0 мс, затраченное время = 0 мс.

 Время работы SQL Server:
   Время ЦП = 0 мс, затраченное время = 0 мс.
